// Jest Snapshot v1, https://goo.gl/fbAQLP

exports[`Components/Image renders without throwing an error 1`] = `
<Image
  alt="App"
  className=""
  onClick={[Function]}
  src="http://via.placeholder.com/350x150"
  styles={
    Object {
      "width": 150,
    }
  }
/>
`;
